
 Start  Stop   Length Name               Class

 00000H 0259EH 0259FH _TEXT              CODE
 0259FH 02AD5H 00537H BMP2SEGA_TEXT      CODE
 02AD6H 05927H 02E52H ALL                CODE
 05930H 05930H 00000H _FARDATA           FAR_DATA
 05930H 05930H 00000H _FARBSS            FAR_BSS
 05930H 05930H 00000H _OVERLAY_          OVRINFO
 05930H 05930H 00000H _1STUB_            STUBSEG
 05930H 060C9H 0079AH _DATA              DATA
 060CAH 060CBH 00002H _CVTSEG            DATA
 060CCH 060D1H 00006H _SCNSEG            DATA
 060D2H 060D2H 00000H _CONST             CONST
 060D2H 060DDH 0000CH _INIT_             INITDATA
 060DEH 060DEH 00000H _INITEND_          INITDATA
 060DEH 060DEH 00000H _EXIT_             EXITDATA
 060DEH 060DEH 00000H _EXITEND_          EXITDATA
 060DEH 07023H 00F46H _BSS               BSS
 07024H 07024H 00000H _BSSEND            BSSEND
 07030H 070AFH 00080H _STACK             STACK

  Address         Publics by Name

 0593:0000       DATASEG@
 0000:02C4       DGROUP@
 0000:0565       F_LDIV@
 0000:0574       F_LMOD@
 0000:056C       F_LUDIV@
 0000:057C       F_LUMOD@
 0000:0613       F_LXLSH@
 0000:0634       F_LXRSH@
 0000:0654       F_PADA@
 0000:06DC       F_PADD@
 0000:0525       F_PCMP@
 0000:076E       F_PDEA@
 0000:073C       F_PINA@
 0000:0698       F_PSBA@
 0000:070B       F_PSUB@
 0000:0546       F_SCOPY@
 02AD:0A11       GetCode
 0000:0565       LDIV@
 0000:0574       LMOD@
 0000:056C       LUDIV@
 0000:057C       LUMOD@
 0000:0613       LXLSH@
 0000:0634       LXRSH@
 0000:0562       N_LDIV@
 0000:0571       N_LMOD@
 0000:0569       N_LUDIV@
 0000:0579       N_LUMOD@
 0000:0610       N_LXLSH@
 0000:0940       N_LXMUL@
 0000:0631       N_LXRSH@
 0000:0651       N_PADA@
 0000:06D9       N_PADD@
 0000:076B       N_PDEA@
 0000:0739       N_PINA@
 0000:0695       N_PSBA@
 0000:0708       N_PSUB@
 0000:0654       PADA@
 0000:06DC       PADD@
 0000:0525       PCMP@
 0000:076E       PDEA@
 0000:073C       PINA@
 0000:0698       PSBA@
 0000:070B       PSUB@
 0000:0546       SCOPY@
 0000:02AD       _abort
 0000:042D       _atexit
 0593:1512       _bfiles
 02AD:2AC8       _bfind_error
 0593:07AE       _bitmap
 0593:14AE       _bits_per_code
 0593:149C       _bit_offset
 0593:149A       _bit_size
 0000:0F86       _brk
 0593:14BF       _BytesOut
 0000:0FA2       _calloc
 0593:0258       _Checkpoint
 02AD:03FD       _check_handle
 0593:0252       _Clear
 02AD:101A       _ClearBlock
 02AD:10FD       _ClearHashTab
 0000:13EC       _close
 0593:14C5       _CurMaxCode
 0593:1492       _cur_alg
 0593:14C7       _cur_code_size
 0593:13BC       _cur_count
 0593:148C       _cur_dstbuff
 0593:13BA       _cur_flags
 0593:1490       _cur_fp
 0593:14AC       _cur_max_code
 0593:1495       _cur_pptr
 0593:1493       _cur_queue
 0593:13B6       _cur_srcbuff
 0593:1488       _cur_table
 0593:14A8       _do_clear
 02AD:06D6       _do_pkread
 0593:14BC       _ent
 0000:1432       _eof
 0593:0094       _errno
 0000:04EA       _exit
 0000:14A9       _fclose
 0000:152A       _fflush
 0000:1B2C       _fgetc
 0000:1BDB       _fgetchar
 0593:14A6       _finchar
 02AD:292A       _find_fp
 0593:14BE       _first_pass
 0000:15AB       _flushall
 0000:1766       _fopen
 0000:1785       _fprintf
 0000:1E45       _fputc
 0000:1F7B       _fputchar
 0000:1872       _fread
 0000:1039       _free
 0593:024E       _FreeEnt
 0593:14AA       _free_ent
 02AD:04CE       _free_handle
 0000:191A       _fseek
 0000:1982       _ftell
 0000:1A49       _fwrite
 02AD:07ED       _GetCode
 02AD:013D       _get_byte
 02AD:00CC       _get_fstr
 02AD:019A       _get_str
 0593:1498       _had_to_leave
 0593:024C       _hsize
 0593:14A2       _InCode
 0593:025C       _InCount
 0000:1012       _ioctl
 0000:07EA       _isatty
 0593:1499       _is_first_pass
 02AD:0497       _is_read
 02AD:1002       _ldivl
 0593:0264       _lmask
 0000:0895       _lseek
 02AD:0C49       _lzcofht_init
 02AD:1949       _lzssh_rdinit
 02AD:2526       _lzssh_read
 02AD:18DC       _lzssh_wrinit
 02AD:22E2       _lzssh_write
 02AD:0BCB       _lz_init
 02AD:071B       _lz_rdinit
 02AD:07E8       _lz_read
 02AD:080E       _lz_reada
 02AD:0C5B       _lz_write
 0259:000F       _main
 0000:1108       _malloc
 0000:1BE5       _memcpy
 0000:1C2A       _memset
 0593:01F0       _method_specs
 02AD:0247       _move_str
 0000:040B       _my_calloc
 0000:02F1       _my_close
 0000:02DB       _my_create
 0000:03A5       _my_fclose
 0000:041E       _my_fgetc
 0000:0316       _my_fopen
 0000:0383       _my_fputc
 0000:0351       _my_fread
 0000:03C3       _my_free
 0000:0329       _my_fseek
 0000:0342       _my_ftell
 0000:036A       _my_fwrite
 0000:03B4       _my_malloc
 0000:02C8       _my_open
 0000:0300       _my_read
 0000:0396       _my_rewind
 0000:03D2       _my_strcat
 0000:03F8       _my_strchr
 0000:03E5       _my_strcpy
 0593:14A4       _OldCode
 0000:1C70       _open
 0593:13BB       _opflags
 0593:0260       _OutCount
 02AD:0E72       _output
 0593:13BE       _pack_counter
 0593:13C0       _pack_recs
 0593:01EC       _pack_string_table
 0000:1E15       _printf
 02AD:03A9       _put_byte
 0593:0254       _ratio
 0000:2203       _read
 0000:1261       _realloc
 02AD:295B       _reset_bfile
 0000:2206       _rewind
 0593:0228       _right_msk
 02AD:002D       _rle_read
 02AD:0AD8       _rle_reada
 02AD:114B       _rle_write
 0593:026D       _rmask
 0259:03FE       _SaveFiles
 0593:161E       _save_bfile
 0000:0F92       _sbrk
 0000:1C04       _setmem
 0000:2228       _setvbuf
 02AD:0537       _set_handle
 02AD:0586       _set_queue
 02AD:04B9       _smart_free
 0000:2328       _sprintf
 0593:149E       _stackp
 02AD:0357       _store_byte
 02AD:02D2       _store_str
 0000:2361       _strcat
 0000:239A       _strchr
 0000:23D0       _strcpy
 0000:23F2       _strlen
 02AD:29A8       _str_eq
 0000:0A29       _unlink
 02AD:0006       _unp_read
 02AD:007F       _unp_write
 02AD:0653       _use_queue
 02AD:2E11       _vm_bclose
 02AD:29E0       _vm_bfile_get
 02AD:2A1C       _vm_bfile_set
 02AD:2AFA       _vm_bfind
 02AD:2A64       _vm_bopen
 02AD:2DE7       _vm_bsize
 02AD:26E7       _vm_hfree
 02AD:2670       _vm_hmalloc
 02AD:285C       _vm_hmemcpy
 02AD:2783       _vm_hmemmove
 02AD:2896       _vm_hmemset
 02AD:28F0       _vm_huge_cmp
 02AD:2E40       _vm_isbfile
 02AD:14CC       _vm_pkclose
 02AD:128B       _vm_pkFopen
 02AD:1698       _vm_pklength
 02AD:13CF       _vm_pkMopen
 02AD:159B       _vm_pkread
 02AD:1819       _vm_pkrewind
 02AD:16BC       _vm_pkseek
 02AD:15D7       _vm_pkwrite
 02AD:291C       _vm_small_off
 0000:2345       _vsprintf
 0000:1000  Abs  __AHINCR
 0000:000C  Abs  __AHSHIFT
 0593:0786       __argc
 0593:0788       __argv
 0593:0500       __atexitcnt
 0593:1662       __atexittbl
 0593:00A2       __brklvl
 0593:0084       __C0argc
 0593:0086       __C0argv
 0593:0088       __C0environ
 0000:050B       __cexit
 0000:0176       __checknull
 0000:13D1       __chmod
 0000:0163       __cleanup
 0000:1414       __close
 0000:0000  Abs  __cvtfak
 0000:0519       __c_exit
 0593:067E       __doserrno
 0000:07D8       __DOSERROR
 0593:0680       __dosErrorToSV
 0000:045A       __dos_getfileattr
 0000:0477       __dos_setfileattr
 0593:008A       __envLng
 0593:008C       __envseg
 0593:008E       __envSize
 0000:04F9       __exit
 0593:0502       __exitbuf
 0593:0506       __exitfopen
 0593:050A       __exitopen
 0000:1B17       __fgetc
 0593:0780       __first
 0593:0678       __fmode
 0000:1E2C       __fputc
 0000:1F8D       __FPUTN
 0000:173B       __GETFP
 0593:009E       __heapbase
 0593:067C       __heaplen
 0593:00A6       __heaptop
 0593:0074       __Int0Vector
 0593:0078       __Int4Vector
 0593:007C       __Int5Vector
 0593:0080       __Int6Vector
 0000:079F       __IOERROR
 0593:0782       __last
 0000:07FB       __LONGTOA
 0000:08BE       __MKNAME
 0000:02C6       __MMODEL
 0000:1B29       __Nfgetc
 0593:064E       __nfile
 0593:067A       __notUmask
 0000:1DC8       __open
 0593:0650       __openfd
 0000:169F       __OPENFP
 0593:0092       __osmajor
 0593:0093       __osminor
 0593:0092       __osversion
 0593:0090       __psp
 0000:0957       __read
 0000:12B4       __REALCVT
 0593:079A       __RealCvtVector
 0000:01F3       __restorezero
 0593:0784       __rover
 0593:079C       __ScanTodVector
 0000:0000  Abs  __setargv__
 0000:0984       __setupio
 0593:0096       __StartTime
 0593:06E4       __stklen
 0000:0F0A       __stpcpy
 0593:050E       __streams
 0000:019E       __terminate
 0000:08FD       __TMPNAM
 0000:0878       __UTOA
 0593:0092       __version
 0000:0A57       __VPRINTER
 0000:251A       __write
 0000:2554       __xfclose
 0000:257C       __xfflush
 0000:0F33       ___brk
 0593:009C       ___brklvl
 0593:009A       ___heapbase
 0000:2135       ___read
 0000:0F55       ___sbrk
 0000:240C       ___write

  Address         Publics by Value

 0000:0000  Abs  __setargv__
 0000:0000  Abs  __cvtfak
 0000:000C  Abs  __AHSHIFT
 0000:0163       __cleanup
 0000:0176       __checknull
 0000:019E       __terminate
 0000:01F3       __restorezero
 0000:02AD       _abort
 0000:02C4       DGROUP@
 0000:02C6       __MMODEL
 0000:02C8       _my_open
 0000:02DB       _my_create
 0000:02F1       _my_close
 0000:0300       _my_read
 0000:0316       _my_fopen
 0000:0329       _my_fseek
 0000:0342       _my_ftell
 0000:0351       _my_fread
 0000:036A       _my_fwrite
 0000:0383       _my_fputc
 0000:0396       _my_rewind
 0000:03A5       _my_fclose
 0000:03B4       _my_malloc
 0000:03C3       _my_free
 0000:03D2       _my_strcat
 0000:03E5       _my_strcpy
 0000:03F8       _my_strchr
 0000:040B       _my_calloc
 0000:041E       _my_fgetc
 0000:042D       _atexit
 0000:045A       __dos_getfileattr
 0000:0477       __dos_setfileattr
 0000:04EA       _exit
 0000:04F9       __exit
 0000:050B       __cexit
 0000:0519       __c_exit
 0000:0525       F_PCMP@
 0000:0525       PCMP@
 0000:0546       F_SCOPY@
 0000:0546       SCOPY@
 0000:0562       N_LDIV@
 0000:0565       F_LDIV@
 0000:0565       LDIV@
 0000:0569       N_LUDIV@
 0000:056C       F_LUDIV@
 0000:056C       LUDIV@
 0000:0571       N_LMOD@
 0000:0574       F_LMOD@
 0000:0574       LMOD@
 0000:0579       N_LUMOD@
 0000:057C       LUMOD@
 0000:057C       F_LUMOD@
 0000:0610       N_LXLSH@
 0000:0613       F_LXLSH@
 0000:0613       LXLSH@
 0000:0631       N_LXRSH@
 0000:0634       F_LXRSH@
 0000:0634       LXRSH@
 0000:0651       N_PADA@
 0000:0654       F_PADA@
 0000:0654       PADA@
 0000:0695       N_PSBA@
 0000:0698       F_PSBA@
 0000:0698       PSBA@
 0000:06D9       N_PADD@
 0000:06DC       F_PADD@
 0000:06DC       PADD@
 0000:0708       N_PSUB@
 0000:070B       F_PSUB@
 0000:070B       PSUB@
 0000:0739       N_PINA@
 0000:073C       F_PINA@
 0000:073C       PINA@
 0000:076B       N_PDEA@
 0000:076E       F_PDEA@
 0000:076E       PDEA@
 0000:079F       __IOERROR
 0000:07D8       __DOSERROR
 0000:07EA       _isatty
 0000:07FB       __LONGTOA
 0000:0878       __UTOA
 0000:0895       _lseek
 0000:08BE       __MKNAME
 0000:08FD       __TMPNAM
 0000:0940       N_LXMUL@
 0000:0957       __read
 0000:0984       __setupio
 0000:0A29       _unlink
 0000:0A57       __VPRINTER
 0000:0F0A       __stpcpy
 0000:0F33       ___brk
 0000:0F55       ___sbrk
 0000:0F86       _brk
 0000:0F92       _sbrk
 0000:0FA2       _calloc
 0000:1000  Abs  __AHINCR
 0000:1012       _ioctl
 0000:1039       _free
 0000:1108       _malloc
 0000:1261       _realloc
 0000:12B4       __REALCVT
 0000:13D1       __chmod
 0000:13EC       _close
 0000:1414       __close
 0000:1432       _eof
 0000:14A9       _fclose
 0000:152A       _fflush
 0000:15AB       _flushall
 0000:169F       __OPENFP
 0000:173B       __GETFP
 0000:1766       _fopen
 0000:1785       _fprintf
 0000:1872       _fread
 0000:191A       _fseek
 0000:1982       _ftell
 0000:1A49       _fwrite
 0000:1B17       __fgetc
 0000:1B29       __Nfgetc
 0000:1B2C       _fgetc
 0000:1BDB       _fgetchar
 0000:1BE5       _memcpy
 0000:1C04       _setmem
 0000:1C2A       _memset
 0000:1C70       _open
 0000:1DC8       __open
 0000:1E15       _printf
 0000:1E2C       __fputc
 0000:1E45       _fputc
 0000:1F7B       _fputchar
 0000:1F8D       __FPUTN
 0000:2135       ___read
 0000:2203       _read
 0000:2206       _rewind
 0000:2228       _setvbuf
 0000:2328       _sprintf
 0000:2345       _vsprintf
 0000:2361       _strcat
 0000:239A       _strchr
 0000:23D0       _strcpy
 0000:23F2       _strlen
 0000:240C       ___write
 0000:251A       __write
 0000:2554       __xfclose
 0000:257C       __xfflush
 0259:000F       _main
 0259:03FE       _SaveFiles
 02AD:0006       _unp_read
 02AD:002D       _rle_read
 02AD:007F       _unp_write
 02AD:00CC       _get_fstr
 02AD:013D       _get_byte
 02AD:019A       _get_str
 02AD:0247       _move_str
 02AD:02D2       _store_str
 02AD:0357       _store_byte
 02AD:03A9       _put_byte
 02AD:03FD       _check_handle
 02AD:0497       _is_read
 02AD:04B9       _smart_free
 02AD:04CE       _free_handle
 02AD:0537       _set_handle
 02AD:0586       _set_queue
 02AD:0653       _use_queue
 02AD:06D6       _do_pkread
 02AD:071B       _lz_rdinit
 02AD:07E8       _lz_read
 02AD:07ED       _GetCode
 02AD:080E       _lz_reada
 02AD:0A11       GetCode
 02AD:0AD8       _rle_reada
 02AD:0BCB       _lz_init
 02AD:0C49       _lzcofht_init
 02AD:0C5B       _lz_write
 02AD:0E72       _output
 02AD:1002       _ldivl
 02AD:101A       _ClearBlock
 02AD:10FD       _ClearHashTab
 02AD:114B       _rle_write
 02AD:128B       _vm_pkFopen
 02AD:13CF       _vm_pkMopen
 02AD:14CC       _vm_pkclose
 02AD:159B       _vm_pkread
 02AD:15D7       _vm_pkwrite
 02AD:1698       _vm_pklength
 02AD:16BC       _vm_pkseek
 02AD:1819       _vm_pkrewind
 02AD:18DC       _lzssh_wrinit
 02AD:1949       _lzssh_rdinit
 02AD:22E2       _lzssh_write
 02AD:2526       _lzssh_read
 02AD:2670       _vm_hmalloc
 02AD:26E7       _vm_hfree
 02AD:2783       _vm_hmemmove
 02AD:285C       _vm_hmemcpy
 02AD:2896       _vm_hmemset
 02AD:28F0       _vm_huge_cmp
 02AD:291C       _vm_small_off
 02AD:292A       _find_fp
 02AD:295B       _reset_bfile
 02AD:29A8       _str_eq
 02AD:29E0       _vm_bfile_get
 02AD:2A1C       _vm_bfile_set
 02AD:2A64       _vm_bopen
 02AD:2AC8       _bfind_error
 02AD:2AFA       _vm_bfind
 02AD:2DE7       _vm_bsize
 02AD:2E11       _vm_bclose
 02AD:2E40       _vm_isbfile
 0593:0000       DATASEG@
 0593:0074       __Int0Vector
 0593:0078       __Int4Vector
 0593:007C       __Int5Vector
 0593:0080       __Int6Vector
 0593:0084       __C0argc
 0593:0086       __C0argv
 0593:0088       __C0environ
 0593:008A       __envLng
 0593:008C       __envseg
 0593:008E       __envSize
 0593:0090       __psp
 0593:0092       __osversion
 0593:0092       __osmajor
 0593:0092       __version
 0593:0093       __osminor
 0593:0094       _errno
 0593:0096       __StartTime
 0593:009A       ___heapbase
 0593:009C       ___brklvl
 0593:009E       __heapbase
 0593:00A2       __brklvl
 0593:00A6       __heaptop
 0593:01EC       _pack_string_table
 0593:01F0       _method_specs
 0593:0228       _right_msk
 0593:024C       _hsize
 0593:024E       _FreeEnt
 0593:0252       _Clear
 0593:0254       _ratio
 0593:0258       _Checkpoint
 0593:025C       _InCount
 0593:0260       _OutCount
 0593:0264       _lmask
 0593:026D       _rmask
 0593:0500       __atexitcnt
 0593:0502       __exitbuf
 0593:0506       __exitfopen
 0593:050A       __exitopen
 0593:050E       __streams
 0593:064E       __nfile
 0593:0650       __openfd
 0593:0678       __fmode
 0593:067A       __notUmask
 0593:067C       __heaplen
 0593:067E       __doserrno
 0593:0680       __dosErrorToSV
 0593:06E4       __stklen
 0593:0780       __first
 0593:0782       __last
 0593:0784       __rover
 0593:0786       __argc
 0593:0788       __argv
 0593:079A       __RealCvtVector
 0593:079C       __ScanTodVector
 0593:07AE       _bitmap
 0593:13B6       _cur_srcbuff
 0593:13BA       _cur_flags
 0593:13BB       _opflags
 0593:13BC       _cur_count
 0593:13BE       _pack_counter
 0593:13C0       _pack_recs
 0593:1488       _cur_table
 0593:148C       _cur_dstbuff
 0593:1490       _cur_fp
 0593:1492       _cur_alg
 0593:1493       _cur_queue
 0593:1495       _cur_pptr
 0593:1498       _had_to_leave
 0593:1499       _is_first_pass
 0593:149A       _bit_size
 0593:149C       _bit_offset
 0593:149E       _stackp
 0593:14A2       _InCode
 0593:14A4       _OldCode
 0593:14A6       _finchar
 0593:14A8       _do_clear
 0593:14AA       _free_ent
 0593:14AC       _cur_max_code
 0593:14AE       _bits_per_code
 0593:14BC       _ent
 0593:14BE       _first_pass
 0593:14BF       _BytesOut
 0593:14C5       _CurMaxCode
 0593:14C7       _cur_code_size
 0593:1512       _bfiles
 0593:161E       _save_bfile
 0593:1662       __atexittbl

Program entry point at 0000:0000

