
 Start  Stop   Length Name               Class

 00000H 025CAH 025CBH _TEXT              CODE
 025CBH 02D98H 007CEH BMP2CELL_TEXT      CODE
 02D99H 05BEAH 02E52H ALL                CODE
 05BF0H 05BF0H 00000H _FARDATA           FAR_DATA
 05BF0H 05BF0H 00000H _FARBSS            FAR_BSS
 05BF0H 05BF0H 00000H _OVERLAY_          OVRINFO
 05BF0H 05BF0H 00000H _1STUB_            STUBSEG
 05BF0H 0650FH 00920H _DATA              DATA
 06510H 06511H 00002H _CVTSEG            DATA
 06512H 06517H 00006H _SCNSEG            DATA
 06518H 06518H 00000H _CONST             CONST
 06518H 06523H 0000CH _INIT_             INITDATA
 06524H 06524H 00000H _INITEND_          INITDATA
 06524H 06524H 00000H _EXIT_             EXITDATA
 06524H 06524H 00000H _EXITEND_          EXITDATA
 06524H 07469H 00F46H _BSS               BSS
 0746AH 0746AH 00000H _BSSEND            BSSEND
 07470H 074EFH 00080H _STACK             STACK

  Address         Publics by Name

 05BF:0000       DATASEG@
 0000:02C4       DGROUP@
 0000:0565       F_LDIV@
 0000:0574       F_LMOD@
 0000:056C       F_LUDIV@
 0000:057C       F_LUMOD@
 0000:0613       F_LXLSH@
 0000:0634       F_LXRSH@
 0000:0654       F_PADA@
 0000:06DC       F_PADD@
 0000:0525       F_PCMP@
 0000:076E       F_PDEA@
 0000:073C       F_PINA@
 0000:0698       F_PSBA@
 0000:070B       F_PSUB@
 0000:0546       F_SCOPY@
 02D9:0A14       GetCode
 0000:0565       LDIV@
 0000:0574       LMOD@
 0000:056C       LUDIV@
 0000:057C       LUMOD@
 0000:0613       LXLSH@
 0000:0634       LXRSH@
 0000:0562       N_LDIV@
 0000:0571       N_LMOD@
 0000:0569       N_LUDIV@
 0000:0579       N_LUMOD@
 0000:0610       N_LXLSH@
 0000:0940       N_LXMUL@
 0000:0631       N_LXRSH@
 0000:0651       N_PADA@
 0000:06D9       N_PADD@
 0000:076B       N_PDEA@
 0000:0739       N_PINA@
 0000:0695       N_PSBA@
 0000:0708       N_PSUB@
 0000:0654       PADA@
 0000:06DC       PADD@
 0000:0525       PCMP@
 0000:076E       PDEA@
 0000:073C       PINA@
 0000:0698       PSBA@
 0000:070B       PSUB@
 0000:0546       SCOPY@
 0000:02AD       _abort
 0000:042D       _atexit
 05BF:1698       _bfiles
 02D9:2ACB       _bfind_error
 05BF:0934       _bitmap
 05BF:1634       _bits_per_code
 05BF:1622       _bit_offset
 05BF:1620       _bit_size
 0000:0FB2       _brk
 05BF:1645       _BytesOut
 0000:0FCE       _calloc
 05BF:02DC       _Checkpoint
 02D9:0400       _check_handle
 05BF:02D6       _Clear
 02D9:101D       _ClearBlock
 02D9:1100       _ClearHashTab
 0000:1418       _close
 05BF:164B       _CurMaxCode
 05BF:1618       _cur_alg
 05BF:164D       _cur_code_size
 05BF:1542       _cur_count
 05BF:1612       _cur_dstbuff
 05BF:1540       _cur_flags
 05BF:1616       _cur_fp
 05BF:1632       _cur_max_code
 05BF:161B       _cur_pptr
 05BF:1619       _cur_queue
 05BF:153C       _cur_srcbuff
 05BF:160E       _cur_table
 05BF:162E       _do_clear
 02D9:06D9       _do_pkread
 05BF:1642       _ent
 0000:145E       _eof
 05BF:0094       _errno
 0000:04EA       _exit
 0000:14D5       _fclose
 0000:1556       _fflush
 0000:1B58       _fgetc
 0000:1C07       _fgetchar
 05BF:162C       _finchar
 02D9:292D       _find_fp
 05BF:1644       _first_pass
 0000:15D7       _flushall
 0000:1792       _fopen
 0000:17B1       _fprintf
 0000:1E71       _fputc
 0000:1FA7       _fputchar
 0000:189E       _fread
 0000:1065       _free
 05BF:02D2       _FreeEnt
 05BF:1630       _free_ent
 02D9:04D1       _free_handle
 0000:1946       _fseek
 0000:19AE       _ftell
 0000:1A75       _fwrite
 02D9:07F0       _GetCode
 02D9:0140       _get_byte
 02D9:00CF       _get_fstr
 02D9:019D       _get_str
 05BF:161E       _had_to_leave
 05BF:02D0       _hsize
 05BF:1628       _InCode
 05BF:02E0       _InCount
 0000:103E       _ioctl
 0000:07EA       _isatty
 05BF:161F       _is_first_pass
 02D9:049A       _is_read
 02D9:1005       _ldivl
 05BF:02E8       _lmask
 0000:0895       _lseek
 02D9:0C4C       _lzcofht_init
 02D9:194C       _lzssh_rdinit
 02D9:2529       _lzssh_read
 02D9:18DF       _lzssh_wrinit
 02D9:22E5       _lzssh_write
 02D9:0BCE       _lz_init
 02D9:071E       _lz_rdinit
 02D9:07EB       _lz_read
 02D9:0811       _lz_reada
 02D9:0C5E       _lz_write
 025C:000B       _main
 0000:1134       _malloc
 0000:1C11       _memcpy
 0000:1C56       _memset
 05BF:0274       _method_specs
 02D9:024A       _move_str
 0000:040B       _my_calloc
 0000:02F1       _my_close
 0000:02DB       _my_create
 0000:03A5       _my_fclose
 0000:041E       _my_fgetc
 0000:0316       _my_fopen
 0000:0383       _my_fputc
 0000:0351       _my_fread
 0000:03C3       _my_free
 0000:0329       _my_fseek
 0000:0342       _my_ftell
 0000:036A       _my_fwrite
 0000:03B4       _my_malloc
 0000:02C8       _my_open
 0000:0300       _my_read
 0000:0396       _my_rewind
 0000:03D2       _my_strcat
 0000:03F8       _my_strchr
 0000:03E5       _my_strcpy
 05BF:162A       _OldCode
 0000:1C9C       _open
 05BF:1541       _opflags
 05BF:02E4       _OutCount
 02D9:0E75       _output
 05BF:1544       _pack_counter
 05BF:1546       _pack_recs
 05BF:0270       _pack_string_table
 0000:1E41       _printf
 02D9:03AC       _put_byte
 05BF:02D8       _ratio
 0000:222F       _read
 0000:128D       _realloc
 02D9:295E       _reset_bfile
 0000:2232       _rewind
 05BF:02AC       _right_msk
 02D9:0030       _rle_read
 02D9:0ADB       _rle_reada
 02D9:114E       _rle_write
 05BF:02F1       _rmask
 025C:04CD       _save3DOFiles
 025C:0653       _saveSegaFile
 05BF:17A4       _save_bfile
 0000:0FBE       _sbrk
 05BF:00AA       _segaOut
 0000:1C30       _setmem
 0000:2254       _setvbuf
 02D9:053A       _set_handle
 02D9:0589       _set_queue
 02D9:04BC       _smart_free
 0000:2354       _sprintf
 05BF:1624       _stackp
 02D9:035A       _store_byte
 02D9:02D5       _store_str
 0000:238D       _strcat
 0000:23C6       _strchr
 0000:23FC       _strcpy
 0000:241E       _strlen
 02D9:29AB       _str_eq
 0000:0A29       _tolower
 0000:0A55       _unlink
 02D9:0009       _unp_read
 02D9:0082       _unp_write
 025C:0498       _usage
 02D9:0656       _use_queue
 02D9:2E14       _vm_bclose
 02D9:29E3       _vm_bfile_get
 02D9:2A1F       _vm_bfile_set
 02D9:2AFD       _vm_bfind
 02D9:2A67       _vm_bopen
 02D9:2DEA       _vm_bsize
 02D9:26EA       _vm_hfree
 02D9:2673       _vm_hmalloc
 02D9:285F       _vm_hmemcpy
 02D9:2786       _vm_hmemmove
 02D9:2899       _vm_hmemset
 02D9:28F3       _vm_huge_cmp
 02D9:2E43       _vm_isbfile
 02D9:14CF       _vm_pkclose
 02D9:128E       _vm_pkFopen
 02D9:169B       _vm_pklength
 02D9:13D2       _vm_pkMopen
 02D9:159E       _vm_pkread
 02D9:181C       _vm_pkrewind
 02D9:16BF       _vm_pkseek
 02D9:15DA       _vm_pkwrite
 02D9:291F       _vm_small_off
 0000:2371       _vsprintf
 0000:1000  Abs  __AHINCR
 0000:000C  Abs  __AHSHIFT
 05BF:090C       __argc
 05BF:090E       __argv
 05BF:0584       __atexitcnt
 05BF:17E8       __atexittbl
 05BF:00A2       __brklvl
 05BF:0084       __C0argc
 05BF:0086       __C0argv
 05BF:0088       __C0environ
 0000:050B       __cexit
 0000:0176       __checknull
 0000:13FD       __chmod
 0000:0163       __cleanup
 0000:1440       __close
 05BF:0586       __ctype
 0000:0000  Abs  __cvtfak
 0000:0519       __c_exit
 05BF:0804       __doserrno
 0000:07D8       __DOSERROR
 05BF:0806       __dosErrorToSV
 0000:045A       __dos_getfileattr
 0000:0477       __dos_setfileattr
 05BF:008A       __envLng
 05BF:008C       __envseg
 05BF:008E       __envSize
 0000:04F9       __exit
 05BF:0688       __exitbuf
 05BF:068C       __exitfopen
 05BF:0690       __exitopen
 0000:1B43       __fgetc
 05BF:0906       __first
 05BF:07FE       __fmode
 0000:1E58       __fputc
 0000:1FB9       __FPUTN
 0000:1767       __GETFP
 05BF:009E       __heapbase
 05BF:0802       __heaplen
 05BF:00A6       __heaptop
 05BF:0074       __Int0Vector
 05BF:0078       __Int4Vector
 05BF:007C       __Int5Vector
 05BF:0080       __Int6Vector
 0000:079F       __IOERROR
 05BF:0908       __last
 0000:07FB       __LONGTOA
 0000:08BE       __MKNAME
 0000:02C6       __MMODEL
 0000:1B55       __Nfgetc
 05BF:07D4       __nfile
 05BF:0800       __notUmask
 0000:1DF4       __open
 05BF:07D6       __openfd
 0000:16CB       __OPENFP
 05BF:0092       __osmajor
 05BF:0093       __osminor
 05BF:0092       __osversion
 05BF:0090       __psp
 0000:0957       __read
 0000:12E0       __REALCVT
 05BF:0920       __RealCvtVector
 0000:01F3       __restorezero
 05BF:090A       __rover
 05BF:0922       __ScanTodVector
 0000:0000  Abs  __setargv__
 0000:0984       __setupio
 05BF:0096       __StartTime
 05BF:086A       __stklen
 0000:0F36       __stpcpy
 05BF:0694       __streams
 0000:019E       __terminate
 0000:08FD       __TMPNAM
 0000:0878       __UTOA
 05BF:0092       __version
 0000:0A83       __VPRINTER
 0000:2546       __write
 0000:2580       __xfclose
 0000:25A8       __xfflush
 0000:0F5F       ___brk
 05BF:009C       ___brklvl
 05BF:009A       ___heapbase
 0000:2161       ___read
 0000:0F81       ___sbrk
 0000:2438       ___write

  Address         Publics by Value

 0000:0000  Abs  __setargv__
 0000:0000  Abs  __cvtfak
 0000:000C  Abs  __AHSHIFT
 0000:0163       __cleanup
 0000:0176       __checknull
 0000:019E       __terminate
 0000:01F3       __restorezero
 0000:02AD       _abort
 0000:02C4       DGROUP@
 0000:02C6       __MMODEL
 0000:02C8       _my_open
 0000:02DB       _my_create
 0000:02F1       _my_close
 0000:0300       _my_read
 0000:0316       _my_fopen
 0000:0329       _my_fseek
 0000:0342       _my_ftell
 0000:0351       _my_fread
 0000:036A       _my_fwrite
 0000:0383       _my_fputc
 0000:0396       _my_rewind
 0000:03A5       _my_fclose
 0000:03B4       _my_malloc
 0000:03C3       _my_free
 0000:03D2       _my_strcat
 0000:03E5       _my_strcpy
 0000:03F8       _my_strchr
 0000:040B       _my_calloc
 0000:041E       _my_fgetc
 0000:042D       _atexit
 0000:045A       __dos_getfileattr
 0000:0477       __dos_setfileattr
 0000:04EA       _exit
 0000:04F9       __exit
 0000:050B       __cexit
 0000:0519       __c_exit
 0000:0525       F_PCMP@
 0000:0525       PCMP@
 0000:0546       F_SCOPY@
 0000:0546       SCOPY@
 0000:0562       N_LDIV@
 0000:0565       F_LDIV@
 0000:0565       LDIV@
 0000:0569       N_LUDIV@
 0000:056C       F_LUDIV@
 0000:056C       LUDIV@
 0000:0571       N_LMOD@
 0000:0574       F_LMOD@
 0000:0574       LMOD@
 0000:0579       N_LUMOD@
 0000:057C       LUMOD@
 0000:057C       F_LUMOD@
 0000:0610       N_LXLSH@
 0000:0613       F_LXLSH@
 0000:0613       LXLSH@
 0000:0631       N_LXRSH@
 0000:0634       F_LXRSH@
 0000:0634       LXRSH@
 0000:0651       N_PADA@
 0000:0654       F_PADA@
 0000:0654       PADA@
 0000:0695       N_PSBA@
 0000:0698       F_PSBA@
 0000:0698       PSBA@
 0000:06D9       N_PADD@
 0000:06DC       F_PADD@
 0000:06DC       PADD@
 0000:0708       N_PSUB@
 0000:070B       F_PSUB@
 0000:070B       PSUB@
 0000:0739       N_PINA@
 0000:073C       F_PINA@
 0000:073C       PINA@
 0000:076B       N_PDEA@
 0000:076E       F_PDEA@
 0000:076E       PDEA@
 0000:079F       __IOERROR
 0000:07D8       __DOSERROR
 0000:07EA       _isatty
 0000:07FB       __LONGTOA
 0000:0878       __UTOA
 0000:0895       _lseek
 0000:08BE       __MKNAME
 0000:08FD       __TMPNAM
 0000:0940       N_LXMUL@
 0000:0957       __read
 0000:0984       __setupio
 0000:0A29       _tolower
 0000:0A55       _unlink
 0000:0A83       __VPRINTER
 0000:0F36       __stpcpy
 0000:0F5F       ___brk
 0000:0F81       ___sbrk
 0000:0FB2       _brk
 0000:0FBE       _sbrk
 0000:0FCE       _calloc
 0000:1000  Abs  __AHINCR
 0000:103E       _ioctl
 0000:1065       _free
 0000:1134       _malloc
 0000:128D       _realloc
 0000:12E0       __REALCVT
 0000:13FD       __chmod
 0000:1418       _close
 0000:1440       __close
 0000:145E       _eof
 0000:14D5       _fclose
 0000:1556       _fflush
 0000:15D7       _flushall
 0000:16CB       __OPENFP
 0000:1767       __GETFP
 0000:1792       _fopen
 0000:17B1       _fprintf
 0000:189E       _fread
 0000:1946       _fseek
 0000:19AE       _ftell
 0000:1A75       _fwrite
 0000:1B43       __fgetc
 0000:1B55       __Nfgetc
 0000:1B58       _fgetc
 0000:1C07       _fgetchar
 0000:1C11       _memcpy
 0000:1C30       _setmem
 0000:1C56       _memset
 0000:1C9C       _open
 0000:1DF4       __open
 0000:1E41       _printf
 0000:1E58       __fputc
 0000:1E71       _fputc
 0000:1FA7       _fputchar
 0000:1FB9       __FPUTN
 0000:2161       ___read
 0000:222F       _read
 0000:2232       _rewind
 0000:2254       _setvbuf
 0000:2354       _sprintf
 0000:2371       _vsprintf
 0000:238D       _strcat
 0000:23C6       _strchr
 0000:23FC       _strcpy
 0000:241E       _strlen
 0000:2438       ___write
 0000:2546       __write
 0000:2580       __xfclose
 0000:25A8       __xfflush
 025C:000B       _main
 025C:0498       _usage
 025C:04CD       _save3DOFiles
 025C:0653       _saveSegaFile
 02D9:0009       _unp_read
 02D9:0030       _rle_read
 02D9:0082       _unp_write
 02D9:00CF       _get_fstr
 02D9:0140       _get_byte
 02D9:019D       _get_str
 02D9:024A       _move_str
 02D9:02D5       _store_str
 02D9:035A       _store_byte
 02D9:03AC       _put_byte
 02D9:0400       _check_handle
 02D9:049A       _is_read
 02D9:04BC       _smart_free
 02D9:04D1       _free_handle
 02D9:053A       _set_handle
 02D9:0589       _set_queue
 02D9:0656       _use_queue
 02D9:06D9       _do_pkread
 02D9:071E       _lz_rdinit
 02D9:07EB       _lz_read
 02D9:07F0       _GetCode
 02D9:0811       _lz_reada
 02D9:0A14       GetCode
 02D9:0ADB       _rle_reada
 02D9:0BCE       _lz_init
 02D9:0C4C       _lzcofht_init
 02D9:0C5E       _lz_write
 02D9:0E75       _output
 02D9:1005       _ldivl
 02D9:101D       _ClearBlock
 02D9:1100       _ClearHashTab
 02D9:114E       _rle_write
 02D9:128E       _vm_pkFopen
 02D9:13D2       _vm_pkMopen
 02D9:14CF       _vm_pkclose
 02D9:159E       _vm_pkread
 02D9:15DA       _vm_pkwrite
 02D9:169B       _vm_pklength
 02D9:16BF       _vm_pkseek
 02D9:181C       _vm_pkrewind
 02D9:18DF       _lzssh_wrinit
 02D9:194C       _lzssh_rdinit
 02D9:22E5       _lzssh_write
 02D9:2529       _lzssh_read
 02D9:2673       _vm_hmalloc
 02D9:26EA       _vm_hfree
 02D9:2786       _vm_hmemmove
 02D9:285F       _vm_hmemcpy
 02D9:2899       _vm_hmemset
 02D9:28F3       _vm_huge_cmp
 02D9:291F       _vm_small_off
 02D9:292D       _find_fp
 02D9:295E       _reset_bfile
 02D9:29AB       _str_eq
 02D9:29E3       _vm_bfile_get
 02D9:2A1F       _vm_bfile_set
 02D9:2A67       _vm_bopen
 02D9:2ACB       _bfind_error
 02D9:2AFD       _vm_bfind
 02D9:2DEA       _vm_bsize
 02D9:2E14       _vm_bclose
 02D9:2E43       _vm_isbfile
 05BF:0000       DATASEG@
 05BF:0074       __Int0Vector
 05BF:0078       __Int4Vector
 05BF:007C       __Int5Vector
 05BF:0080       __Int6Vector
 05BF:0084       __C0argc
 05BF:0086       __C0argv
 05BF:0088       __C0environ
 05BF:008A       __envLng
 05BF:008C       __envseg
 05BF:008E       __envSize
 05BF:0090       __psp
 05BF:0092       __osversion
 05BF:0092       __osmajor
 05BF:0092       __version
 05BF:0093       __osminor
 05BF:0094       _errno
 05BF:0096       __StartTime
 05BF:009A       ___heapbase
 05BF:009C       ___brklvl
 05BF:009E       __heapbase
 05BF:00A2       __brklvl
 05BF:00A6       __heaptop
 05BF:00AA       _segaOut
 05BF:0270       _pack_string_table
 05BF:0274       _method_specs
 05BF:02AC       _right_msk
 05BF:02D0       _hsize
 05BF:02D2       _FreeEnt
 05BF:02D6       _Clear
 05BF:02D8       _ratio
 05BF:02DC       _Checkpoint
 05BF:02E0       _InCount
 05BF:02E4       _OutCount
 05BF:02E8       _lmask
 05BF:02F1       _rmask
 05BF:0584       __atexitcnt
 05BF:0586       __ctype
 05BF:0688       __exitbuf
 05BF:068C       __exitfopen
 05BF:0690       __exitopen
 05BF:0694       __streams
 05BF:07D4       __nfile
 05BF:07D6       __openfd
 05BF:07FE       __fmode
 05BF:0800       __notUmask
 05BF:0802       __heaplen
 05BF:0804       __doserrno
 05BF:0806       __dosErrorToSV
 05BF:086A       __stklen
 05BF:0906       __first
 05BF:0908       __last
 05BF:090A       __rover
 05BF:090C       __argc
 05BF:090E       __argv
 05BF:0920       __RealCvtVector
 05BF:0922       __ScanTodVector
 05BF:0934       _bitmap
 05BF:153C       _cur_srcbuff
 05BF:1540       _cur_flags
 05BF:1541       _opflags
 05BF:1542       _cur_count
 05BF:1544       _pack_counter
 05BF:1546       _pack_recs
 05BF:160E       _cur_table
 05BF:1612       _cur_dstbuff
 05BF:1616       _cur_fp
 05BF:1618       _cur_alg
 05BF:1619       _cur_queue
 05BF:161B       _cur_pptr
 05BF:161E       _had_to_leave
 05BF:161F       _is_first_pass
 05BF:1620       _bit_size
 05BF:1622       _bit_offset
 05BF:1624       _stackp
 05BF:1628       _InCode
 05BF:162A       _OldCode
 05BF:162C       _finchar
 05BF:162E       _do_clear
 05BF:1630       _free_ent
 05BF:1632       _cur_max_code
 05BF:1634       _bits_per_code
 05BF:1642       _ent
 05BF:1644       _first_pass
 05BF:1645       _BytesOut
 05BF:164B       _CurMaxCode
 05BF:164D       _cur_code_size
 05BF:1698       _bfiles
 05BF:17A4       _save_bfile
 05BF:17E8       __atexittbl

Program entry point at 0000:0000

